{"v":1,"t":[{"t":4,"n":50,"r":"test","f":[{"t":7,"e":"div","a":{"id":"test"}}]},{"t":4,"n":51,"f":["no test div"],"r":"test"},{"t":4,"n":52,"r":"test","f":[{"t":7,"e":"li","f":[{"t":2,"r":"."}]}]}]}